// Jest Snapshot v1, https://goo.gl/fbAQLP

exports[`Field empty Field test 1`] = `
.emotion-4 {
  position: relative;
  width: 100px;
  height: 100px;
  border: 1px solid #000;
}

.emotion-0 {
  width: 10px;
  height: 10px;
  top: 0px;
  left: 0px;
  position: absolute;
  border: 1px solid #000;
  box-sizing: border-box;
  -webkit-transition: background-color 500ms ease;
  transition: background-color 500ms ease;
  background-color: #ffffff;
}

.emotion-1 {
  width: 10px;
  height: 10px;
  top: 0px;
  left: 10px;
  position: absolute;
  border: 1px solid #000;
  box-sizing: border-box;
  -webkit-transition: background-color 500ms ease;
  transition: background-color 500ms ease;
  background-color: #ffffff;
}

.emotion-2 {
  width: 10px;
  height: 10px;
  top: 10px;
  left: 0px;
  position: absolute;
  border: 1px solid #000;
  box-sizing: border-box;
  -webkit-transition: background-color 500ms ease;
  transition: background-color 500ms ease;
  background-color: #ffffff;
}

.emotion-3 {
  width: 10px;
  height: 10px;
  top: 10px;
  left: 10px;
  position: absolute;
  border: 1px solid #000;
  box-sizing: border-box;
  -webkit-transition: background-color 500ms ease;
  transition: background-color 500ms ease;
  background-color: #ffffff;
}

<div
  className="emotion-4"
>
  <div
    className="cell cell_0_0 emotion-0"
    onClick={[Function]}
    x={0}
    y={0}
  />
  <div
    className="cell cell_0_1 emotion-1"
    onClick={[Function]}
    x={1}
    y={0}
  />
  <div
    className="cell cell_1_0 emotion-2"
    onClick={[Function]}
    x={0}
    y={1}
  />
  <div
    className="cell cell_1_1 emotion-3"
    onClick={[Function]}
    x={1}
    y={1}
  />
</div>
`;

exports[`Field partial filled cell test 1`] = `
.emotion-4 {
  position: relative;
  width: 100px;
  height: 100px;
  border: 1px solid #000;
}

.emotion-0 {
  width: 10px;
  height: 10px;
  top: 0px;
  left: 0px;
  position: absolute;
  border: 1px solid #000;
  box-sizing: border-box;
  -webkit-transition: background-color 500ms ease;
  transition: background-color 500ms ease;
  background-color: #ffffff;
}

.emotion-1 {
  width: 10px;
  height: 10px;
  top: 0px;
  left: 10px;
  position: absolute;
  border: 1px solid #000;
  box-sizing: border-box;
  -webkit-transition: background-color 500ms ease;
  transition: background-color 500ms ease;
  background-color: #ffffff;
}

.emotion-2 {
  width: 10px;
  height: 10px;
  top: 10px;
  left: 0px;
  position: absolute;
  border: 1px solid #000;
  box-sizing: border-box;
  -webkit-transition: background-color 500ms ease;
  transition: background-color 500ms ease;
  background-color: #ffffff;
}

.emotion-3 {
  width: 10px;
  height: 10px;
  top: 10px;
  left: 10px;
  position: absolute;
  border: 1px solid #000;
  box-sizing: border-box;
  -webkit-transition: background-color 500ms ease;
  transition: background-color 500ms ease;
  background-color: #ffffff;
}

<div
  className="emotion-4"
>
  <div
    className="cell cell_0_0 emotion-0"
    onClick={[Function]}
    x={0}
    y={0}
  />
  <div
    className="cell cell_0_1 emotion-1"
    onClick={[Function]}
    x={1}
    y={0}
  />
  <div
    className="cell cell_1_0 emotion-2"
    onClick={[Function]}
    x={0}
    y={1}
  />
  <div
    className="cell cell_1_1 emotion-3"
    onClick={[Function]}
    x={1}
    y={1}
  />
</div>
`;
